###############################################################################
#
# IAR ELF Linker V2.20.1.176 for STM8                     09/Mar/2017  14:54:19
# Copyright 2010-2015 IAR Systems AB.
#
#    Output file  =  
#        E:\2017年工作内容\February\ZCH+TB\ZCS-ROBOT(BD)_V1.9(S).8(R)\ZCS-ROBOT(BD)-RECV_V1.8\STM8_RECV_V1.7(38-81)\Project\Debug\Exe\STM8_Demo.out
#    Map file     =  
#        E:\2017年工作内容\February\ZCH+TB\ZCS-ROBOT(BD)_V1.9(S).8(R)\ZCS-ROBOT(BD)-RECV_V1.8\STM8_RECV_V1.7(38-81)\Project\Debug\List\STM8_Demo.map
#    Command line =  
#        "E:\2017年工作内容\February\ZCH+TB\ZCS-ROBOT(BD)_V1.9(S).8(R)\ZCS-ROBOT(BD)-RECV_V1.8\STM8_RECV_V1.7(38-81)\Project\Debug\Obj\ADSample.o"
#        "E:\2017年工作内容\February\ZCH+TB\ZCS-ROBOT(BD)_V1.9(S).8(R)\ZCS-ROBOT(BD)-RECV_V1.8\STM8_RECV_V1.7(38-81)\Project\Debug\Obj\BusContrl.o"
#        "E:\2017年工作内容\February\ZCH+TB\ZCS-ROBOT(BD)_V1.9(S).8(R)\ZCS-ROBOT(BD)-RECV_V1.8\STM8_RECV_V1.7(38-81)\Project\Debug\Obj\Buzz.o"
#        "E:\2017年工作内容\February\ZCH+TB\ZCS-ROBOT(BD)_V1.9(S).8(R)\ZCS-ROBOT(BD)-RECV_V1.8\STM8_RECV_V1.7(38-81)\Project\Debug\Obj\Eeprom.o"
#        "E:\2017年工作内容\February\ZCH+TB\ZCS-ROBOT(BD)_V1.9(S).8(R)\ZCS-ROBOT(BD)-RECV_V1.8\STM8_RECV_V1.7(38-81)\Project\Debug\Obj\FAN_Control.o"
#        "E:\2017年工作内容\February\ZCH+TB\ZCS-ROBOT(BD)_V1.9(S).8(R)\ZCS-ROBOT(BD)-RECV_V1.8\STM8_RECV_V1.7(38-81)\Project\Debug\Obj\GL_charge_process.o"
#        "E:\2017年工作内容\February\ZCH+TB\ZCS-ROBOT(BD)_V1.9(S).8(R)\ZCS-ROBOT(BD)-RECV_V1.8\STM8_RECV_V1.7(38-81)\Project\Debug\Obj\MacProtect.o"
#        "E:\2017年工作内容\February\ZCH+TB\ZCS-ROBOT(BD)_V1.9(S).8(R)\ZCS-ROBOT(BD)-RECV_V1.8\STM8_RECV_V1.7(38-81)\Project\Debug\Obj\main.o"
#        "E:\2017年工作内容\February\ZCH+TB\ZCS-ROBOT(BD)_V1.9(S).8(R)\ZCS-ROBOT(BD)-RECV_V1.8\STM8_RECV_V1.7(38-81)\Project\Debug\Obj\Nrf24l01.o"
#        "E:\2017年工作内容\February\ZCH+TB\ZCS-ROBOT(BD)_V1.9(S).8(R)\ZCS-ROBOT(BD)-RECV_V1.8\STM8_RECV_V1.7(38-81)\Project\Debug\Obj\PWM_Control.o"
#        "E:\2017年工作内容\February\ZCH+TB\ZCS-ROBOT(BD)_V1.9(S).8(R)\ZCS-ROBOT(BD)-RECV_V1.8\STM8_RECV_V1.7(38-81)\Project\Debug\Obj\QueueMsg.o"
#        "E:\2017年工作内容\February\ZCH+TB\ZCS-ROBOT(BD)_V1.9(S).8(R)\ZCS-ROBOT(BD)-RECV_V1.8\STM8_RECV_V1.7(38-81)\Project\Debug\Obj\stm8s_interruput.o"
#        "E:\2017年工作内容\February\ZCH+TB\ZCS-ROBOT(BD)_V1.9(S).8(R)\ZCS-ROBOT(BD)-RECV_V1.8\STM8_RECV_V1.7(38-81)\Project\Debug\Obj\SysInit.o"
#        "E:\2017年工作内容\February\ZCH+TB\ZCS-ROBOT(BD)_V1.9(S).8(R)\ZCS-ROBOT(BD)-RECV_V1.8\STM8_RECV_V1.7(38-81)\Project\Debug\Obj\uart.o"
#        --redirect _Scanf=_ScanfFullNoMb -o
#        "E:\2017年工作内容\February\ZCH+TB\ZCS-ROBOT(BD)_V1.9(S).8(R)\ZCS-ROBOT(BD)-RECV_V1.8\STM8_RECV_V1.7(38-81)\Project\Debug\Exe\STM8_Demo.out"
#        --map
#        "E:\2017年工作内容\February\ZCH+TB\ZCS-ROBOT(BD)_V1.9(S).8(R)\ZCS-ROBOT(BD)-RECV_V1.8\STM8_RECV_V1.7(38-81)\Project\Debug\List\STM8_Demo.map"
#        --config "C:\Program Files (x86)\IAR Systems\Embedded Workbench
#        7.3\stm8\config\lnkstm8s105k4.icf" --config_def _CSTACK_SIZE=0x400
#        --config_def _HEAP_SIZE=0x100 --entry __iar_program_start --debug_lib
#
###############################################################################

*******************************************************************************
*** RUNTIME MODEL ATTRIBUTES
***

__SystemLibrary            = DLib
__code_model               = small
__core                     = stm8
__data_model               = medium
__dlib_file_descriptor     = 0
__dlib_full_locale_support = 0
__rt_version               = 4


*******************************************************************************
*** PLACEMENT SUMMARY
***

"A1":  place at start of [0x000000-0x0000ff] { rw section .vregs };
"A2":  place at end of [0x000000-0x0007ff] { block CSTACK };
"P2":  place in [from 0x000000 to 0x0007ff] {
          block HEAP, rw section __DLIB_PERTHREAD, rw section .far.bss,
          rw section .far.data, rw section .far.noinit,
          rw section .far_func.textrw, rw section .huge.bss,
          rw section .huge.data, rw section .huge.noinit,
          rw section .huge_func.textrw, rw section .iar.dynexit,
          rw section .near.bss, rw section .near.data, rw section .near.noinit,
          rw section .near_func.textrw };
"A3":  place at start of [0x008000-0x00bfff] { block INTVEC };
"P3":  place in [from 0x008000 to 0x00bfff] {
          ro section __DLIB_PERTHREAD_init, ro section .far.data_init,
          ro section .far_func.textrw_init, ro section .huge.data_init,
          ro section .huge_func.textrw_init, ro section .iar.init_table,
          ro section .init_array, ro section .near.data_init,
          ro section .near.rodata, ro section .near_func.text,
          ro section .near_func.textrw_init, ro section .tiny.data_init,
          ro section .tiny.rodata_init };

  Section            Kind      Address    Size  Object
  -------            ----      -------    ----  ------
"A1":                                      0xc
  .vregs             uninit   0x000000     0xc  vregs.o [4]
                            - 0x00000c     0xc

"P2", part 1 of 2:                        0x39
  P2-1                        0x00000c    0x39  <Init block>
    .near.data       inited   0x00000c     0x5  Nrf24l01.o [1]
    .near.data       inited   0x000011     0x5  Nrf24l01.o [1]
    .near.data       inited   0x000016     0x5  Nrf24l01.o [1]
    .near.data       inited   0x00001b     0x5  Nrf24l01.o [1]
    .near.data       inited   0x000020     0x5  Nrf24l01.o [1]
    .near.data       inited   0x000025     0x5  Nrf24l01.o [1]
    .near.data       inited   0x00002a     0x5  Nrf24l01.o [1]
    .near.data       inited   0x00002f    0x16  SysInit.o [1]
                            - 0x000045    0x39

"P2", part 2 of 2:                       0x1c2
  .near.bss          zero     0x000045    0x2a  main.o [1]
  .near.bss          zero     0x00006f    0x20  main.o [1]
  .near.bss          zero     0x00008f    0x20  main.o [1]
  .near.bss          zero     0x0000af    0x1e  main.o [1]
  .near.bss          zero     0x0000cd    0x1e  main.o [1]
  .near.bss          zero     0x0000eb    0x1c  QueueMsg.o [1]
  .near.bss          zero     0x000107    0x18  main.o [1]
  .near.bss          zero     0x00011f    0x18  main.o [1]
  .near.bss          zero     0x000137     0xf  main.o [1]
  .near.bss          zero     0x000146     0xe  main.o [1]
  .near.bss          zero     0x000154     0xc  main.o [1]
  .near.bss          zero     0x000160     0xc  main.o [1]
  .near.bss          zero     0x00016c     0x8  main.o [1]
  .near.bss          zero     0x000174     0x8  stm8s_interruput.o [1]
  .near.bss          zero     0x00017c     0x6  main.o [1]
  .near.bss          zero     0x000182     0x6  main.o [1]
  .near.bss          zero     0x000188     0x6  main.o [1]
  .near.bss          zero     0x00018e     0x6  main.o [1]
  .near.bss          zero     0x000194     0x5  main.o [1]
  .near.bss          zero     0x000199     0x5  main.o [1]
  .near.bss          zero     0x00019e     0x4  main.o [1]
  .near.bss          zero     0x0001a2     0x4  main.o [1]
  .near.bss          zero     0x0001a6     0x2  main.o [1]
  .near.bss          zero     0x0001a8     0x2  main.o [1]
  .near.bss          zero     0x0001aa     0x2  main.o [1]
  .near.bss          zero     0x0001ac     0x2  main.o [1]
  .near.bss          zero     0x0001ae     0x2  main.o [1]
  .near.bss          zero     0x0001b0     0x2  main.o [1]
  .near.bss          zero     0x0001b2     0x2  main.o [1]
  .near.bss          zero     0x0001b4     0x2  main.o [1]
  .near.bss          zero     0x0001b6     0x2  main.o [1]
  .near.bss          zero     0x0001b8     0x2  main.o [1]
  .near.bss          zero     0x0001ba     0x2  main.o [1]
  .near.bss          zero     0x0001bc     0x2  main.o [1]
  .near.bss          zero     0x0001be     0x2  main.o [1]
  .near.bss          zero     0x0001c0     0x2  main.o [1]
  .near.bss          zero     0x0001c2     0x2  main.o [1]
  .near.bss          zero     0x0001c4     0x2  main.o [1]
  .near.bss          zero     0x0001c6     0x2  main.o [1]
  .near.bss          zero     0x0001c8     0x2  main.o [1]
  .near.bss          zero     0x0001ca     0x1  MacProtect.o [1]
  .near.bss          zero     0x0001cb     0x1  MacProtect.o [1]
  .near.bss          zero     0x0001cc     0x1  main.o [1]
  .near.bss          zero     0x0001cd     0x1  main.o [1]
  .near.bss          zero     0x0001ce     0x1  main.o [1]
  .near.bss          zero     0x0001cf     0x1  main.o [1]
  .near.bss          zero     0x0001d0     0x1  main.o [1]
  .near.bss          zero     0x0001d1     0x1  main.o [1]
  .near.bss          zero     0x0001d2     0x1  main.o [1]
  .near.bss          zero     0x0001d3     0x1  main.o [1]
  .near.bss          zero     0x0001d4     0x1  main.o [1]
  .near.bss          zero     0x0001d5     0x1  main.o [1]
  .near.bss          zero     0x0001d6     0x1  main.o [1]
  .near.bss          zero     0x0001d7     0x1  main.o [1]
  .near.bss          zero     0x0001d8     0x1  main.o [1]
  .near.bss          zero     0x0001d9     0x1  main.o [1]
  .near.bss          zero     0x0001da     0x1  main.o [1]
  .near.bss          zero     0x0001db     0x1  main.o [1]
  .near.bss          zero     0x0001dc     0x1  main.o [1]
  .near.bss          zero     0x0001dd     0x1  main.o [1]
  .near.bss          zero     0x0001de     0x1  main.o [1]
  .near.bss          zero     0x0001df     0x1  main.o [1]
  .near.bss          zero     0x0001e0     0x1  main.o [1]
  .near.bss          zero     0x0001e1     0x1  main.o [1]
  .near.bss          zero     0x0001e2     0x1  main.o [1]
  .near.bss          zero     0x0001e3     0x1  main.o [1]
  .near.bss          zero     0x0001e4     0x1  main.o [1]
  .near.bss          zero     0x0001e5     0x1  main.o [1]
  .near.bss          zero     0x0001e6     0x1  main.o [1]
  .near.bss          zero     0x0001e7     0x1  main.o [1]
  .near.bss          zero     0x0001e8     0x1  main.o [1]
  .near.bss          zero     0x0001e9     0x1  main.o [1]
  .near.bss          zero     0x0001ea     0x1  main.o [1]
  .near.bss          zero     0x0001eb     0x1  main.o [1]
  .near.bss          zero     0x0001ec     0x1  main.o [1]
  .near.bss          zero     0x0001ed     0x1  main.o [1]
  .near.bss          zero     0x0001ee     0x1  main.o [1]
  .near.bss          zero     0x0001ef     0x1  main.o [1]
  .near.bss          zero     0x0001f0     0x1  main.o [1]
  .near.bss          zero     0x0001f1     0x1  main.o [1]
  .near.bss          zero     0x0001f2     0x1  main.o [1]
  .near.bss          zero     0x0001f3     0x1  main.o [1]
  .near.bss          zero     0x0001f4     0x1  main.o [1]
  .near.bss          zero     0x0001f5     0x1  main.o [1]
  .near.bss          zero     0x0001f6     0x1  main.o [1]
  .near.bss          zero     0x0001f7     0x1  main.o [1]
  .near.bss          zero     0x0001f8     0x1  main.o [1]
  .near.bss          zero     0x0001f9     0x1  main.o [1]
  .near.bss          zero     0x0001fa     0x1  main.o [1]
  .near.bss          zero     0x0001fb     0x1  main.o [1]
  .near.bss          zero     0x0001fc     0x1  main.o [1]
  .near.bss          zero     0x0001fd     0x1  main.o [1]
  .near.bss          zero     0x0001fe     0x1  main.o [1]
  .near.bss          zero     0x0001ff     0x1  main.o [1]
  .near.bss          zero     0x000200     0x1  main.o [1]
  .near.bss          zero     0x000201     0x1  main.o [1]
  .near.bss          zero     0x000202     0x1  main.o [1]
  .near.bss          zero     0x000203     0x1  stm8s_interruput.o [1]
  .near.bss          zero     0x000204     0x1  SysInit.o [1]
  .near.bss          zero     0x000205     0x1  SysInit.o [1]
  .near.bss          zero     0x000206     0x1  SysInit.o [1]
                            - 0x000207   0x1c2

"A2":                                    0x400
  CSTACK                      0x000400   0x400  <Block>
    CSTACK           uninit   0x000400   0x400  <Block tail>
                            - 0x000800   0x400

Absolute sections, part 1 of 17:           0x1
  .near.noinit       uninit   0x005000     0x1  SysInit.o [1]
                            - 0x005001     0x1

Absolute sections, part 2 of 17:           0x4
  .near.noinit       uninit   0x005002     0x1  SysInit.o [1]
  .near.noinit       uninit   0x005003     0x1  SysInit.o [1]
  .near.noinit       uninit   0x005004     0x1  SysInit.o [1]
  .near.noinit       uninit   0x005005     0x1  SysInit.o [1]
                            - 0x005006     0x4

Absolute sections, part 3 of 17:           0xe
  .near.noinit       uninit   0x005007     0x1  SysInit.o [1]
  .near.noinit       uninit   0x005008     0x1  SysInit.o [1]
  .near.noinit       uninit   0x005009     0x1  SysInit.o [1]
  .near.noinit       uninit   0x00500a     0x1  SysInit.o [1]
  .near.noinit       uninit   0x00500b     0x1  SysInit.o [1]
  .near.noinit       uninit   0x00500c     0x1  SysInit.o [1]
  .near.noinit       uninit   0x00500d     0x1  SysInit.o [1]
  .near.noinit       uninit   0x00500e     0x1  SysInit.o [1]
  .near.noinit       uninit   0x00500f     0x1  SysInit.o [1]
  .near.noinit       uninit   0x005010     0x1  stm8s_interruput.o [1]
  .near.noinit       uninit   0x005011     0x1  SysInit.o [1]
  .near.noinit       uninit   0x005012     0x1  SysInit.o [1]
  .near.noinit       uninit   0x005013     0x1  SysInit.o [1]
  .near.noinit       uninit   0x005014     0x1  SysInit.o [1]
                            - 0x005015     0xe

Absolute sections, part 4 of 17:           0x8
  .near.noinit       uninit   0x005016     0x1  SysInit.o [1]
  .near.noinit       uninit   0x005017     0x1  SysInit.o [1]
  .near.noinit       uninit   0x005018     0x1  SysInit.o [1]
  .near.noinit       uninit   0x005019     0x1  SysInit.o [1]
  .near.noinit       uninit   0x00501a     0x1  main.o [1]
  .near.noinit       uninit   0x00501b     0x1  SysInit.o [1]
  .near.noinit       uninit   0x00501c     0x1  SysInit.o [1]
  .near.noinit       uninit   0x00501d     0x1  SysInit.o [1]
                            - 0x00501e     0x8

Absolute sections, part 5 of 17:           0x3
  .near.noinit       uninit   0x00505a     0x1  Eeprom.o [1]
  .near.noinit       uninit   0x00505b     0x1  Eeprom.o [1]
  .near.noinit       uninit   0x00505c     0x1  Eeprom.o [1]
                            - 0x00505d     0x3

Absolute sections, part 6 of 17:           0x1
  .near.noinit       uninit   0x00505f     0x1  Eeprom.o [1]
                            - 0x005060     0x1

Absolute sections, part 7 of 17:           0x1
  .near.noinit       uninit   0x005064     0x1  Eeprom.o [1]
                            - 0x005065     0x1

Absolute sections, part 8 of 17:           0x1
  .near.noinit       uninit   0x0050a0     0x1  SysInit.o [1]
                            - 0x0050a1     0x1

Absolute sections, part 9 of 17:           0x1
  .near.noinit       uninit   0x0050c1     0x1  SysInit.o [1]
                            - 0x0050c2     0x1

Absolute sections, part 10 of 17:          0x3
  .near.noinit       uninit   0x0050c4     0x1  SysInit.o [1]
  .near.noinit       uninit   0x0050c5     0x1  SysInit.o [1]
  .near.noinit       uninit   0x0050c6     0x1  SysInit.o [1]
                            - 0x0050c7     0x3

Absolute sections, part 11 of 17:          0x2
  .near.noinit       uninit   0x005200     0x1  SysInit.o [1]
  .near.noinit       uninit   0x005201     0x1  SysInit.o [1]
                            - 0x005202     0x2

Absolute sections, part 12 of 17:          0x2
  .near.noinit       uninit   0x005203     0x1  Nrf24l01.o [1]
  .near.noinit       uninit   0x005204     0x1  Nrf24l01.o [1]
                            - 0x005205     0x2

Absolute sections, part 13 of 17:          0x7
  .near.noinit       uninit   0x005240     0x1  uart.o [1]
  .near.noinit       uninit   0x005241     0x1  uart.o [1]
  .near.noinit       uninit   0x005242     0x1  uart.o [1]
  .near.noinit       uninit   0x005243     0x1  uart.o [1]
  .near.noinit       uninit   0x005244     0x1  uart.o [1]
  .near.noinit       uninit   0x005245     0x1  uart.o [1]
  .near.noinit       uninit   0x005246     0x1  uart.o [1]
                            - 0x005247     0x7

Absolute sections, part 14 of 17:          0x4
  .near.noinit       uninit   0x005340     0x1  SysInit.o [1]
  .near.noinit       uninit   0x005341     0x1  SysInit.o [1]
  .near.noinit       uninit   0x005342     0x1  stm8s_interruput.o [1]
  .near.noinit       uninit   0x005343     0x1  SysInit.o [1]
                            - 0x005344     0x4

Absolute sections, part 15 of 17:          0x2
  .near.noinit       uninit   0x005345     0x1  SysInit.o [1]
  .near.noinit       uninit   0x005346     0x1  SysInit.o [1]
                            - 0x005347     0x2

Absolute sections, part 16 of 17:          0x3
  .near.noinit       uninit   0x005400     0x1  SysInit.o [1]
  .near.noinit       uninit   0x005401     0x1  SysInit.o [1]
  .near.noinit       uninit   0x005402     0x1  SysInit.o [1]
                            - 0x005403     0x3

Absolute sections, part 17 of 17:          0x2
  .near.noinit       uninit   0x005404     0x1  ADSample.o [1]
  .near.noinit       uninit   0x005405     0x1  ADSample.o [1]
                            - 0x005406     0x2

"A3":                                     0x80
  INTVEC                      0x008000    0x80  <Block>
    .intvec          const    0x008000    0x80  interrupt.o [4]
                            - 0x008080    0x80

"P3":                                   0x257e
  .near_func.text    ro code  0x008080   0x4b6  main.o [1]
  .near_func.text    ro code  0x008536   0x458  Nrf24l01.o [1]
  .near_func.text    ro code  0x00898e   0x1ea  ADSample.o [1]
  .near.rodata       const    0x008b78   0x1cc  ADSample.o [1]
  .near_func.text    ro code  0x008d44   0x197  xprintftiny.o [4]
  .near_func.text    ro code  0x008edb   0x187  MacProtect.o [1]
  .near_func.text    ro code  0x009062   0x185  ADSample.o [1]
  .near_func.text    ro code  0x0091e7   0x137  long.o [4]
  .near_func.text    ro code  0x00931e   0x12e  ADSample.o [1]
  .near_func.text    ro code  0x00944c   0x106  stm8s_interruput.o [1]
  .near_func.text    ro code  0x009552   0x102  SysInit.o [1]
  .near_func.text    ro code  0x009654    0xea  ADSample.o [1]
  .near_func.text    ro code  0x00973e    0xd9  vreg_util.o [4]
  .near_func.text    ro code  0x009817    0xce  Eeprom.o [1]
  .near_func.text    ro code  0x0098e5    0xa6  MacProtect.o [1]
  .near_func.text    ro code  0x00998b    0xa0  stm8s_interruput.o [1]
  .near_func.text    ro code  0x009a2b    0x8a  stm8s_interruput.o [1]
  .near_func.text    ro code  0x009ab5    0x75  MacProtect.o [1]
  .near_func.text    ro code  0x009b2a    0x70  ADSample.o [1]
  .near_func.text    ro code  0x009b9a    0x61  SysInit.o [1]
  .near_func.text    ro code  0x009bfb    0x60  MacProtect.o [1]
  .near_func.text    ro code  0x009c5b    0x58  Nrf24l01.o [1]
  .near_func.text    ro code  0x009cb3    0x51  SysInit.o [1]
  .near_func.text    ro code  0x009d04    0x50  QueueMsg.o [1]
  .near_func.text    ro code  0x009d54    0x4f  QueueMsg.o [1]
  .near_func.text    ro code  0x009da3    0x49  SysInit.o [1]
  .near_func.text    ro code  0x009dec    0x48  short.o [4]
  .near_func.text    ro code  0x009e34    0x41  uart.o [1]
  .near_func.text    ro code  0x009e75    0x3a  Nrf24l01.o [1]
  .near_func.text    ro code  0x009eaf    0x39  strncmp.o [4]
  Initializer bytes  const    0x009ee8    0x39  <for P2-1>
  .near_func.text    ro code  0x009f21    0x36  Nrf24l01.o [1]
  .near_func.text    ro code  0x009f57    0x35  GL_charge_process.o [1]
  .near_func.text    ro code  0x009f8c    0x2f  ADSample.o [1]
  .near_func.text    ro code  0x009fbb    0x2e  strncpy.o [4]
  .near_func.text    ro code  0x009fe9    0x2e  xprintftiny.o [4]
  .near.rodata       const    0x00a017    0x2b  main.o [1]
  .near_func.text    ro code  0x00a042    0x2a  Nrf24l01.o [1]
  .near_func.text    ro code  0x00a06c    0x28  Eeprom.o [1]
  .near_func.text    ro code  0x00a094    0x28  init_small.o [4]
  .near_func.text    ro code  0x00a0bc    0x26  long_util.o [4]
  .near_func.text    ro code  0x00a0e2    0x26  dc_util.o [4]
  .near.rodata       const    0x00a108    0x25  main.o [1]
  .near.rodata       const    0x00a12d    0x25  main.o [1]
  .near.rodata       const    0x00a152    0x25  main.o [1]
  .near.rodata       const    0x00a177    0x24  main.o [1]
  .near.rodata       const    0x00a19b    0x24  main.o [1]
  .near.rodata       const    0x00a1bf    0x24  main.o [1]
  .near_func.text    ro code  0x00a1e3    0x24  Eeprom.o [1]
  .near_func.text    ro code  0x00a207    0x24  Eeprom.o [1]
  .near.rodata       const    0x00a22b    0x23  main.o [1]
  .near.rodata       const    0x00a24e    0x23  main.o [1]
  .near_func.text    ro code  0x00a271    0x22  Eeprom.o [1]
  .near_func.text    ro code  0x00a293    0x22  SysInit.o [1]
  .iar.init_table    const    0x00a2b5    0x12  - Linker created -
  .near_func.text    ro code  0x00a2c7    0x20  QueueMsg.o [1]
  .near_func.text    ro code  0x00a2e7    0x20  printf.o [4]
  .near_func.text    ro code  0x00a307    0x1f  Eeprom.o [1]
  .near_func.text    ro code  0x00a326    0x1f  SysInit.o [1]
  .near_func.text    ro code  0x00a345    0x1f  uart.o [1]
  .near_func.text    ro code  0x00a364    0x1e  init_small.o [4]
  .near_func.text    ro code  0x00a382    0x1b  xprout.o [4]
  .near.rodata       const    0x00a39d    0x19  SysInit.o [1]
  .near_func.text    ro code  0x00a3b6    0x19  SysInit.o [1]
  .near.rodata       const    0x00a3cf    0x18  SysInit.o [1]
  .near.rodata       const    0x00a3e7    0x18  SysInit.o [1]
  .near.rodata       const    0x00a3ff    0x18  SysInit.o [1]
  .near_func.text    ro code  0x00a417    0x18  Nrf24l01.o [1]
  .near_func.text    ro code  0x00a42f    0x17  memset.o [4]
  .near_func.text    ro code  0x00a446    0x17  init.o [4]
  .near_func.text    ro code  0x00a45d    0x16  QueueMsg.o [1]
  .near_func.text    ro code  0x00a473    0x15  SysInit.o [1]
  .near_func.text    ro code  0x00a488    0x14  __dbg_xxexit.o [3]
  .near_func.text    ro code  0x00a49c    0x13  Eeprom.o [1]
  .near_func.text    ro code  0x00a4af    0x13  cstartup.o [4]
  .near_func.text    ro code  0x00a4c2    0x12  strlen.o [4]
  .near.rodata       const    0x00a4d4    0x11  SysInit.o [1]
  .near.rodata       const    0x00a4e5    0x11  SysInit.o [1]
  .near_func.text    ro code  0x00a4f6    0x11  Nrf24l01.o [1]
  .near_func.text    ro code  0x00a507    0x11  SysInit.o [1]
  .near.rodata       const    0x00a518     0xf  SysInit.o [1]
  .near_func.text    ro code  0x00a527     0xe  Nrf24l01.o [1]
  .near_func.text    ro code  0x00a535     0xd  GL_charge_process.o [1]
  .near_func.text    ro code  0x00a542     0xd  SysInit.o [1]
  .near_func.text    ro code  0x00a54f     0xd  move.o [4]
  .near.rodata       const    0x00a55c     0xa  main.o [1]
  .near.rodata       const    0x00a566     0xa  SysInit.o [1]
  .near_func.text    ro code  0x00a570     0xa  strncpy.o [4]
  .near.rodata       const    0x00a57a     0x9  SysInit.o [1]
  .near.rodata       const    0x00a583     0x9  SysInit.o [1]
  .near.rodata       const    0x00a58c     0x9  SysInit.o [1]
  .near_func.text    ro code  0x00a595     0x9  SysInit.o [1]
  .near_func.text    ro code  0x00a59e     0x9  SysInit.o [1]
  .near_func.text    ro code  0x00a5a7     0x7  MacProtect.o [1]
  .near_func.text    ro code  0x00a5ae     0x6  char.o [4]
  .near_func.text    ro code  0x00a5b4     0x6  xprintftiny.o [4]
  .near_func.text    ro code  0x00a5ba     0x6  xprintftiny.o [4]
  .near.rodata       const    0x00a5c0     0x5  Nrf24l01.o [1]
  .near_func.text    ro code  0x00a5c5     0x5  stm8s_interruput.o [1]
  .near_func.text    ro code  0x00a5ca     0x5  SysInit.o [1]
  .near_func.text    ro code  0x00a5cf     0x5  SysInit.o [1]
  .near_func.text    ro code  0x00a5d4     0x5  cexit.o [4]
  .near_func.text    ro code  0x00a5d9     0x3  interrupt.o [4]
  .near_func.text    ro code  0x00a5dc     0x3  low_level_init.o [4]
  .near_func.text    ro code  0x00a5df     0x3  exit.o [4]
  .near_func.text    ro code  0x00a5e2     0x3  unhandled_exception.o [4]
  .near.rodata       const    0x00a5e5     0x2  xprintftiny.o [4]
  .near.rodata       const    0x00a5e7     0x2  xprintftiny.o [4]
  .near_func.text    ro code  0x00a5e9     0x1  stm8s_interruput.o [1]
  .near_func.text    ro code  0x00a5ea     0x1  stm8s_interruput.o [1]
  .near_func.text    ro code  0x00a5eb     0x1  stm8s_interruput.o [1]
  .near_func.text    ro code  0x00a5ec     0x1  stm8s_interruput.o [1]
  .near_func.text    ro code  0x00a5ed     0x1  stm8s_interruput.o [1]
  .near_func.text    ro code  0x00a5ee     0x1  stm8s_interruput.o [1]
  .near_func.text    ro code  0x00a5ef     0x1  stm8s_interruput.o [1]
  .near_func.text    ro code  0x00a5f0     0x1  stm8s_interruput.o [1]
  .near_func.text    ro code  0x00a5f1     0x1  stm8s_interruput.o [1]
  .near_func.text    ro code  0x00a5f2     0x1  stm8s_interruput.o [1]
  .near_func.text    ro code  0x00a5f3     0x1  stm8s_interruput.o [1]
  .near_func.text    ro code  0x00a5f4     0x1  stm8s_interruput.o [1]
  .near_func.text    ro code  0x00a5f5     0x1  stm8s_interruput.o [1]
  .near_func.text    ro code  0x00a5f6     0x1  stm8s_interruput.o [1]
  .near_func.text    ro code  0x00a5f7     0x1  stm8s_interruput.o [1]
  .near_func.text    ro code  0x00a5f8     0x1  stm8s_interruput.o [1]
  .near_func.text    ro code  0x00a5f9     0x1  stm8s_interruput.o [1]
  .near_func.text    ro code  0x00a5fa     0x1  stm8s_interruput.o [1]
  .near_func.text    ro code  0x00a5fb     0x1  stm8s_interruput.o [1]
  .near_func.text    ro code  0x00a5fc     0x1  stm8s_interruput.o [1]
  .near_func.text    ro code  0x00a5fd     0x1  __dbg_break.o [3]
                            - 0x00a5fe  0x257e


*******************************************************************************
*** INIT TABLE
***

          Address   Size
          -------   ----
Zero (__iar_zero_init2)
    1 destination range, total size 0x1c2:
          0x000045  0x1c2

Copy (__iar_copy_init2)
    1 source range, total size 0x39:
          0x009ee8   0x39
    1 destination range, total size 0x39:
          0x00000c   0x39



*******************************************************************************
*** MODULE SUMMARY
***

    Module                 ro code  ro data  rw data  rw data
                                                       (abs)
    ------                 -------  -------  -------  -------
E:\2017年工作内容\February\ZCH+TB\ZCS-ROBOT(BD)_V1.9(S).8(R)\ZCS-ROBOT(BD)-RECV_V1.8\STM8_RECV_V1.7(38-81)\Project\Debug\Obj: [1]
    ADSample.o               1 574      460                 2
    Eeprom.o                   402                          5
    GL_charge_process.o         66
    MacProtect.o               777                 2
    Nrf24l01.o               1 409       40       35        2
    QueueMsg.o                 213                28
    SysInit.o                  678      205       25       40
    main.o                   1 206      342      408        1
    stm8s_interruput.o         585                 9        2
    uart.o                      96                          7
    ---------------------------------------------------------
    Total:                   7 006    1 047      507       59

command line: [2]
    ---------------------------------------------------------
    Total:

dbgstm8smd.a: [3]
    __dbg_break.o                1
    __dbg_xxexit.o              20
    ---------------------------------------------------------
    Total:                      21

dlstm8smn.a: [4]
    cexit.o                      5
    char.o                       6
    cstartup.o                  19
    dc_util.o                   38
    exit.o                       3
    init.o                      23
    init_small.o                70
    interrupt.o                  3      128
    long.o                     311
    long_util.o                 38
    low_level_init.o             3
    memset.o                    23
    move.o                      13
    printf.o                    32
    short.o                     72
    strlen.o                    18
    strncmp.o                   57
    strncpy.o                   56
    unhandled_exception.o        3
    vreg_util.o                217
    vregs.o                                       12
    xprintftiny.o              465        4
    xprout.o                    27
    ---------------------------------------------------------
    Total:                   1 502      132       12

    Linker created                       18    1 024
-------------------------------------------------------------
    Grand Total:             8 529    1 197    1 543       59


*******************************************************************************
*** ENTRY LIST
***

Entry                    Address   Size  Type      Object
-----                    -------   ----  ----      ------
.iar.init_table$$Base   0x00a2b5          --   Gb  - Linker created -
.iar.init_table$$Limit  0x00a2c7          --   Gb  - Linker created -
?b0                     0x000000         Data  Gb  vregs.o [4]
?b1                     0x000001         Data  Gb  vregs.o [4]
?b10                    0x00000a         Data  Gb  vregs.o [4]
?b11                    0x00000b         Data  Gb  vregs.o [4]
?b2                     0x000002         Data  Gb  vregs.o [4]
?b3                     0x000003         Data  Gb  vregs.o [4]
?b4                     0x000004         Data  Gb  vregs.o [4]
?b5                     0x000005         Data  Gb  vregs.o [4]
?b6                     0x000006         Data  Gb  vregs.o [4]
?b7                     0x000007         Data  Gb  vregs.o [4]
?b8                     0x000008         Data  Gb  vregs.o [4]
?b9                     0x000009         Data  Gb  vregs.o [4]
?dc16_w0                0x00a0e2         Code  Gb  dc_util.o [4]
?dc32_l1                0x00a0f0         Code  Gb  dc_util.o [4]
?dc32_px                0x00a0fd         Code  Gb  dc_util.o [4]
?dec32_0x_0x            0x0091ff         Code  Gb  long.o [4]
?dec32_l0_l0            0x0091fa         Code  Gb  long.o [4]
?e0                     0x000001         Data  Gb  vregs.o [4]
?e1                     0x000005         Data  Gb  vregs.o [4]
?e2                     0x000009         Data  Gb  vregs.o [4]
?epilogue_l2            0x0097c4         Code  Gb  vreg_util.o [4]
?epilogue_w4            0x0097c8         Code  Gb  vreg_util.o [4]
?inc32_0x_0x            0x0091ec         Code  Gb  long.o [4]
?inc32_l0_l0            0x0091e7         Code  Gb  long.o [4]
?l0                     0x000000         Data  Gb  vregs.o [4]
?l1                     0x000004         Data  Gb  vregs.o [4]
?l2                     0x000008         Data  Gb  vregs.o [4]
?load32_0x_l0           0x00a0d4         Code  Gb  long_util.o [4]
?load32_l0_0x           0x00a0bc         Code  Gb  long_util.o [4]
?load32_l1_0x           0x00a0c8         Code  Gb  long_util.o [4]
?mov_e0_e1              0x0097f9         Code  Gb  vreg_util.o [4]
?mov_e1_e0              0x00980d         Code  Gb  vreg_util.o [4]
?mov_l0_l1              0x0097f6         Code  Gb  vreg_util.o [4]
?mov_l1_l0              0x00980a         Code  Gb  vreg_util.o [4]
?mov_w0_w1              0x0097cc         Code  Gb  vreg_util.o [4]
?mov_w0_w5              0x0097d3         Code  Gb  vreg_util.o [4]
?mov_w1_w0              0x0097da         Code  Gb  vreg_util.o [4]
?mov_w1_w3              0x0097fc         Code  Gb  vreg_util.o [4]
?mov_w1_w5              0x009803         Code  Gb  vreg_util.o [4]
?mov_w2_w5              0x0097e1         Code  Gb  vreg_util.o [4]
?mov_w3_w1              0x009810         Code  Gb  vreg_util.o [4]
?mov_w4_w1              0x0097e8         Code  Gb  vreg_util.o [4]
?mov_w5_w0              0x0097ef         Code  Gb  vreg_util.o [4]
?move1616_v_x_y_a       0x00a54f         Code  Gb  move.o [4]
?mul16_x_x_w0           0x009dec         Code  Gb  short.o [4]
?mul32_l0_l0_0x         0x009216         Code  Gb  long.o [4]
?mul32_l0_l0_dl         0x009213         Code  Gb  long.o [4]
?mul32_l0_l0_l1         0x00921f         Code  Gb  long.o [4]
?pop_l0                 0x00979b         Code  Gb  vreg_util.o [4]
?pop_l1                 0x0097a6         Code  Gb  vreg_util.o [4]
?pop_l2                 0x0097b1         Code  Gb  vreg_util.o [4]
?pop_w4                 0x009760         Code  Gb  vreg_util.o [4]
?push_l0                0x00976f         Code  Gb  vreg_util.o [4]
?push_l1                0x009774         Code  Gb  vreg_util.o [4]
?push_l2                0x009779         Code  Gb  vreg_util.o [4]
?push_w0                0x00973e         Code  Gb  vreg_util.o [4]
?push_w1                0x009743         Code  Gb  vreg_util.o [4]
?push_w4                0x009748         Code  Gb  vreg_util.o [4]
?sll16_x_x_a            0x009e25         Code  Gb  short.o [4]
?smod16_y_x_y           0x009e0a         Code  Gb  short.o [4]
?srl16_x_x_4            0x009e2f         Code  Gb  short.o [4]
?srl16_x_x_5            0x009e2e         Code  Gb  short.o [4]
?srl16_x_x_6            0x009e2d         Code  Gb  short.o [4]
?srl32_0x_0x_a          0x009310         Code  Gb  long.o [4]
?srl32_l0_l0_a          0x00930d         Code  Gb  long.o [4]
?srl8_a_a_5             0x00a5af         Code  Gb  char.o [4]
?srl8_a_a_6             0x00a5ae         Code  Gb  char.o [4]
?udiv32_l0_l0_dl        0x00929d         Code  Gb  long.o [4]
?udiv32_l0_l0_l1        0x0092a0         Code  Gb  long.o [4]
?umod32_l1_l0_l1        0x0092a0         Code  Gb  long.o [4]
?w0                     0x000000         Data  Gb  vregs.o [4]
?w1                     0x000002         Data  Gb  vregs.o [4]
?w2                     0x000004         Data  Gb  vregs.o [4]
?w3                     0x000006         Data  Gb  vregs.o [4]
?w4                     0x000008         Data  Gb  vregs.o [4]
?w5                     0x00000a         Data  Gb  vregs.o [4]
?xor16_x_x_dw           0x009e1a         Code  Gb  short.o [4]
?xor16_x_x_w0           0x009e1d         Code  Gb  short.o [4]
ACCurr_AD               0x0001b6    0x2  Data  Gb  main.o [1]
ACCurr_DD               0x0001be    0x2  Data  Gb  main.o [1]
ACSupply_Volt_AD        0x0001b2    0x2  Data  Gb  main.o [1]
ACSupply_Volt_DD        0x0001ba    0x2  Data  Gb  main.o [1]
ACTemp_AD               0x0001b8    0x2  Data  Gb  main.o [1]
ACTemp_DD               0x0001c0    0x2  Data  Gb  main.o [1]
ACVolt_AD               0x0001b4    0x2  Data  Gb  main.o [1]
ACVolt_DD               0x0001bc    0x2  Data  Gb  main.o [1]
ADC2_IRQHandler         0x00a5fb    0x1  Code  Gb  stm8s_interruput.o [1]
ADC_DRH                 0x005404    0x1  Data  Gb  ADSample.o [1]
ADC_DRL                 0x005405    0x1  Data  Gb  ADSample.o [1]
ADC_RESULT              0x0001b0    0x2  Data  Gb  main.o [1]
ADC_RESULT_H            0x0001e1    0x1  Data  Gb  main.o [1]
ADC_RESULT_L            0x0001e0    0x1  Data  Gb  main.o [1]
ADCurrent_Scan          0x00931e  0x12e  Code  Gb  ADSample.o [1]
ADProcess               0x009654   0xea  Code  Gb  ADSample.o [1]
ADSample                0x009f8c   0x2f  Code  Gb  ADSample.o [1]
ADSupply_Voltage_Scan   0x00898e  0x1ea  Code  Gb  ADSample.o [1]
ADVoltage_Scan          0x009062  0x185  Code  Gb  ADSample.o [1]
AD_Init                 0x00a507   0x11  Code  Gb  SysInit.o [1]
AD_Value                0x00011f   0x18  Data  Gb  main.o [1]
AD_Value_SUM            0x000107   0x18  Data  Gb  main.o [1]
AWU_IRQHandler          0x00a5eb    0x1  Code  Gb  stm8s_interruput.o [1]
Address_Pair            0x000199    0x5  Data  Gb  main.o [1]
Address_Rec             0x000045   0x2a  Data  Gb  main.o [1]
Buzz_Control            0x0001e7    0x1  Data  Gb  main.o [1]
CC_CVcharging           0x009f57   0x35  Code  Gb  GL_charge_process.o [1]
CHECK_ID                0x00017c    0x6  Data  Gb  main.o [1]
CHECK_P0_SET            0x008626   0x3f  Code  Gb  Nrf24l01.o [1]
CJ_SEND                 0x0001cc    0x1  Data  Gb  main.o [1]
CLEAR_P_SET             0x0085db   0x4b  Code  Gb  Nrf24l01.o [1]
CLK_IRQHandler          0x00a5ec    0x1  Code  Gb  stm8s_interruput.o [1]
CLK_SWR                 0x0050c4    0x1  Data  Gb  SysInit.o [1]
CNT_Battery_Full        0x0001ff    0x1  Data  Gb  main.o [1]
CNT_Eeprom_Check        0x0001df    0x1  Data  Gb  main.o [1]
CNT_MPSub_Beep          0x0001c4    0x2  Data  Gb  main.o [1]
CNT_PRINT               0x0001d0    0x1  Data  Gb  main.o [1]
CNT_Prot                0x0000af   0x1e  Data  Gb  main.o [1]
CNT_ProtB               0x0000cd   0x1e  Data  Gb  main.o [1]
CNT_Send_Time           0x0001e4    0x1  Data  Gb  main.o [1]
CNT_T1ms                0x0001d9    0x1  Data  Gb  main.o [1]
CNT_T1s                 0x0001aa    0x2  Data  Gb  main.o [1]
CNT_T2ms                0x0001d8    0x1  Data  Gb  main.o [1]
CNT_TOUCH_RE            0x0001c2    0x2  Data  Gb  main.o [1]
CNT_TOUCH_SET           0x0001f2    0x1  Data  Gb  main.o [1]
CSTACK$$Base            0x000400          --   Gb  - Linker created -
CSTACK$$Limit           0x000800          --   Gb  - Linker created -
Can_Pow_On              0x0001ef    0x1  Data  Gb  main.o [1]
Chanrg_Over             0x0001ee    0x1  Data  Gb  main.o [1]
CheckRecData            0x008874   0xaf  Code  Gb  Nrf24l01.o [1]
ChipUniqueID            0x000154    0xc  Data  Gb  main.o [1]
Clear_Nrf24l01          0x008923   0x21  Code  Gb  Nrf24l01.o [1]
Clock_Init              0x00a326   0x1f  Code  Gb  SysInit.o [1]
Cut_OffPower            0x0001e2    0x1  Data  Gb  main.o [1]
Delay                   0x00a595    0x9  Code  Gb  SysInit.o [1]
EEPROM_EEC_IRQHandler   0x00a5fc    0x1  Code  Gb  stm8s_interruput.o [1]
EXTI2_Init              0x00a5cf    0x5  Code  Gb  SysInit.o [1]
EXTI3_Init              0x00a5ca    0x5  Code  Gb  SysInit.o [1]
EXTI_PORTA_IRQHandler   0x00a5ed    0x1  Code  Gb  stm8s_interruput.o [1]
EXTI_PORTB_IRQHandler   0x00a5ee    0x1  Code  Gb  stm8s_interruput.o [1]
EXTI_PORTC_IRQHandler   0x00998b   0xa0  Code  Gb  stm8s_interruput.o [1]
EXTI_PORTD_IRQHandler   0x00944c  0x106  Code  Gb  stm8s_interruput.o [1]
EXTI_PORTE_IRQHandler   0x00a5ef    0x1  Code  Gb  stm8s_interruput.o [1]
Eeprom_Init             0x00a307   0x1f  Code  Gb  Eeprom.o [1]
Eeprom_Write            0x00a49c   0x13  Code  Gb  Eeprom.o [1]
FLAG_CNT_TOUCH_RE       0x0001f4    0x1  Data  Gb  main.o [1]
FLAG_CNT_TOUCH_SET      0x0001f3    0x1  Data  Gb  main.o [1]
FLASH_DUKR              0x005064    0x1  Data  Gb  Eeprom.o [1]
FULL_DOWN_BETTERFLY     0x0001fa    0x1  Data  Gb  main.o [1]
Fail_Num                0x0001a8    0x2  Data  Gb  main.o [1]
Flag_1hour_A            0x0001dd    0x1  Data  Gb  main.o [1]
Flag_Curr_OVER_IT       0x0001f9    0x1  Data  Gb  main.o [1]
Flag_Eeprom_Check       0x0001de    0x1  Data  Gb  main.o [1]
Flag_Eeprom_Ero         0x0001dc    0x1  Data  Gb  main.o [1]
Flag_NRF24L01_Have      0x0001f8    0x1  Data  Gb  main.o [1]
Flag_NRF24L01_OK        0x0001ed    0x1  Data  Gb  main.o [1]
Flag_Right_Check        0x0001e6    0x1  Data  Gb  main.o [1]
Flag_Supply_Volt_NO     0x0001fe    0x1  Data  Gb  main.o [1]
Flag_Supply_Volt_OK     0x0001fd    0x1  Data  Gb  main.o [1]
Flag_Word               0x0001e5    0x1  Data  Gb  main.o [1]
FrmNumb                 0x0001fb    0x1  Data  Gb  main.o [1]
GetEeprom               0x00a1e3   0x24  Code  Gb  Eeprom.o [1]
GetTemperature          0x009b2a   0x70  Code  Gb  ADSample.o [1]
GetUniqueID             0x00a207   0x24  Code  Gb  Eeprom.o [1]
HaveChangedOver         0x0001d3    0x1  Data  Gb  main.o [1]
INTVEC$$Base            0x008000          --   Gb  - Linker created -
INTVEC$$Limit           0x008080          --   Gb  - Linker created -
KPIdle                  0x00a5a7    0x7  Code  Gb  MacProtect.o [1]
Key_Check_ID1           0x0001ac    0x2  Data  Gb  main.o [1]
Key_Check_ID2           0x0001db    0x1  Data  Gb  main.o [1]
Key_Check_ID3           0x0001ae    0x2  Data  Gb  main.o [1]
LED_TEST_INT            0x00a59e    0x9  Code  Gb  SysInit.o [1]
MPSubB                  0x008f68   0x60  Code  Gb  MacProtect.o [1]
MPSubC                  0x008edb   0x2d  Code  Gb  MacProtect.o [1]
MPSub_Beep              0x0098e5   0xa6  Code  Gb  MacProtect.o [1]
MPSub_Curr_OUT          0x008fc8   0x62  Code  Gb  MacProtect.o [1]
MPSub_Pro_Code          0x009ab5   0x75  Code  Gb  MacProtect.o [1]
MPSub_Tached_Check      0x009bfb   0x60  Code  Gb  MacProtect.o [1]
MPSub_Viot_Curr_Over_OUT
                        0x008f08   0x60  Code  Gb  MacProtect.o [1]
MacProtect              0x00902a   0x38  Code  Gb  MacProtect.o [1]
MacStatus               0x0001d1    0x1  Data  Gb  main.o [1]
Master_Comm             0x0001eb    0x1  Data  Gb  main.o [1]
Master_Comm_Re          0x0001ec    0x1  Data  Gb  main.o [1]
NOT_TACH                0x0001cf    0x1  Data  Gb  main.o [1]
NRF24L01_Check          0x009c5b   0x58  Code  Gb  Nrf24l01.o [1]
NRF24L01_Init           0x00a527    0xe  Code  Gb  Nrf24l01.o [1]
NRF24L01_Read_Buf       0x009f21   0x36  Code  Gb  Nrf24l01.o [1]
NRF24L01_Read_Reg       0x00a4f6   0x11  Code  Gb  Nrf24l01.o [1]
NRF24L01_Write_Buf      0x00a042   0x2a  Code  Gb  Nrf24l01.o [1]
NRF24L01_Write_Reg      0x00a417   0x18  Code  Gb  Nrf24l01.o [1]
Num_RF                  0x0001e8    0x1  Data  Gb  main.o [1]
Pair_Succ               0x0001d6    0x1  Data  Gb  main.o [1]
Port_Init               0x009b9a   0x61  Code  Gb  SysInit.o [1]
Power                   0x0001a2    0x4  Data  Gb  main.o [1]
ProNum                  0x0001f5    0x1  Data  Gb  main.o [1]
ProcesstStatus          0x0001d2    0x1  Data  Gb  main.o [1]
ProtectFlag             0x000137    0xf  Data  Gb  main.o [1]
Queue_Full              0x0001d4    0x1  Data  Gb  main.o [1]
Queue_Full_P0_Changed   0x0001d5    0x1  Data  Gb  main.o [1]
RD_Array                0x00008f   0x20  Data  Gb  main.o [1]
RX_ADDRESS              0x000194    0x5  Data  Gb  main.o [1]
RX_ADDRESS_0            0x00000c    0x5  Data  Gb  Nrf24l01.o [1]
RX_ADDRESS_1            0x000011    0x5  Data  Gb  Nrf24l01.o [1]
RX_ADDRESS_2            0x000016    0x5  Data  Gb  Nrf24l01.o [1]
RX_ADDRESS_3            0x00001b    0x5  Data  Gb  Nrf24l01.o [1]
RX_ADDRESS_4            0x000020    0x5  Data  Gb  Nrf24l01.o [1]
RX_ADDRESS_5            0x000025    0x5  Data  Gb  Nrf24l01.o [1]
RX_ADDRESS_N            0x00002a    0x5  Data  Gb  Nrf24l01.o [1]
RX_Mode                 0x008665   0x6e  Code  Gb  Nrf24l01.o [1]
RX_P_SET                0x008590   0x4b  Code  Gb  Nrf24l01.o [1]
Recv_Msg                0x0001d7    0x1  Data  Gb  main.o [1]
Region$$Table$$Base     0x00a2b5          --   Gb  - Linker created -
Region$$Table$$Limit    0x00a2c7          --   Gb  - Linker created -
SPI_DR                  0x005204    0x1  Data  Gb  Nrf24l01.o [1]
SPI_IRQHandler          0x00a5c5    0x5  Code  Gb  stm8s_interruput.o [1]
SPI_Init                0x00a542    0xd  Code  Gb  SysInit.o [1]
SPIx_ReadWriteByte      0x009e75   0x3a  Code  Gb  Nrf24l01.o [1]
STA_PAIR_CODE           0x0001da    0x1  Data  Gb  main.o [1]
SUM_CNT                 0x000160    0xc  Data  Gb  main.o [1]
Self_Num                0x0001e9    0x1  Data  Gb  main.o [1]
Self_Num_Re             0x0001ea    0x1  Data  Gb  main.o [1]
SendDataUpdate          0x00871d   0xc8  Code  Gb  Nrf24l01.o [1]
SendDataUpdate_Pair     0x0087e5   0x8f  Code  Gb  Nrf24l01.o [1]
Set_RX_Com_Mode         0x008987    0x7  Code  Gb  Nrf24l01.o [1]
Statu_Word_A            0x0001f0    0x1  Data  Gb  main.o [1]
Statu_Word_B            0x0001f1    0x1  Data  Gb  main.o [1]
Step_ERR_Main           0x000206    0x1  Data  Gb  SysInit.o [1]
Step_Normal             0x000205    0x1  Data  Gb  SysInit.o [1]
SysInit                 0x009cb3   0x51  Code  Gb  SysInit.o [1]
Sys_Start               0x0001cd    0x1  Data  Gb  main.o [1]
TD_Array                0x00006f   0x20  Data  Gb  main.o [1]
TIM1_CAP_COM_IRQHandler
                        0x00a5f1    0x1  Code  Gb  stm8s_interruput.o [1]
TIM1_UPD_OVF_TRG_BRK_IRQHandler
                        0x00a5f0    0x1  Code  Gb  stm8s_interruput.o [1]
TIM2_CAP_COM_IRQHandler
                        0x00a5f3    0x1  Code  Gb  stm8s_interruput.o [1]
TIM2_UPD_OVF_BRK_IRQHandler
                        0x00a5f2    0x1  Code  Gb  stm8s_interruput.o [1]
TIM3_CAP_COM_IRQHandler
                        0x00a5f5    0x1  Code  Gb  stm8s_interruput.o [1]
TIM3_UPD_OVF_BRK_IRQHandler
                        0x00a5f4    0x1  Code  Gb  stm8s_interruput.o [1]
TIM4_ARR                0x005346    0x1  Data  Gb  SysInit.o [1]
TIM4_UPD_OVF_IRQHandler
                        0x009a2b   0x8a  Code  Gb  stm8s_interruput.o [1]
TLI_IRQHandler          0x00a5ea    0x1  Code  Gb  stm8s_interruput.o [1]
TRAP_IRQHandler         0x00a5e9    0x1  Code  Gb  stm8s_interruput.o [1]
TX_P_SET                0x008536   0x5a  Code  Gb  Nrf24l01.o [1]
TX_Pro_Code_A           0x0001f6    0x1  Data  Gb  main.o [1]
TX_Pro_Code_B           0x0001f7    0x1  Data  Gb  main.o [1]
TemperatureTable        0x008b78  0x1cc  Data  Lc  ADSample.o [1]
Time4_Init              0x00a3b6   0x19  Code  Gb  SysInit.o [1]
Touch_Coil_On           0x0001fc    0x1  Data  Gb  main.o [1]
UART1_TX_IRQHandler     0x00a5f6    0x1  Code  Gb  stm8s_interruput.o [1]
UART2_BRR1              0x005242    0x1  Data  Gb  uart.o [1]
UART2_BRR2              0x005243    0x1  Data  Gb  uart.o [1]
UART2_DR                0x005241    0x1  Data  Gb  uart.o [1]
UART2_RX_IRQHandler     0x00a5f8    0x1  Code  Gb  stm8s_interruput.o [1]
UART2_SendByte          0x00a345   0x11  Code  Gb  uart.o [1]
UART2_TX_IRQHandler     0x00a5f7    0x1  Code  Gb  stm8s_interruput.o [1]
UART3_RX_IRQHandler     0x00a5fa    0x1  Code  Gb  stm8s_interruput.o [1]
UART3_TX_IRQHandler     0x00a5f9    0x1  Code  Gb  stm8s_interruput.o [1]
Uart2_Init              0x009e34   0x41  Code  Gb  uart.o [1]
UniqueID_Check          0x009817   0xce  Code  Gb  Eeprom.o [1]
Variable_Init           0x009552  0x102  Code  Gb  SysInit.o [1]
Variable_Init_Second    0x009da3   0x49  Code  Gb  SysInit.o [1]
Variable_Init_Third     0x00a473   0x15  Code  Gb  SysInit.o [1]
_A_ADC_CR1              0x005401    0x1  Data  Gb  SysInit.o [1]
_A_ADC_CR2              0x005402    0x1  Data  Gb  SysInit.o [1]
_A_ADC_CSR              0x005400    0x1  Data  Gb  SysInit.o [1]
_A_CLK_CKDIVR           0x0050c6    0x1  Data  Gb  SysInit.o [1]
_A_CLK_ECKR             0x0050c1    0x1  Data  Gb  SysInit.o [1]
_A_CLK_SWCR             0x0050c5    0x1  Data  Gb  SysInit.o [1]
_A_EXTI_CR1             0x0050a0    0x1  Data  Gb  SysInit.o [1]
_A_FLASH_CR1            0x00505a    0x1  Data  Gb  Eeprom.o [1]
_A_FLASH_CR2            0x00505b    0x1  Data  Gb  Eeprom.o [1]
_A_FLASH_IAPSR          0x00505f    0x1  Data  Gb  Eeprom.o [1]
_A_FLASH_NCR2           0x00505c    0x1  Data  Gb  Eeprom.o [1]
_A_Flag_10ms_1          0x000200    0x1  Data  Gb  main.o [1]
_A_Flag_10ms_2          0x000201    0x1  Data  Gb  main.o [1]
_A_PA_CR1               0x005003    0x1  Data  Gb  SysInit.o [1]
_A_PA_CR2               0x005004    0x1  Data  Gb  SysInit.o [1]
_A_PA_DDR               0x005002    0x1  Data  Gb  SysInit.o [1]
_A_PA_ODR               0x005000    0x1  Data  Gb  SysInit.o [1]
_A_PB_CR1               0x005008    0x1  Data  Gb  SysInit.o [1]
_A_PB_CR2               0x005009    0x1  Data  Gb  SysInit.o [1]
_A_PB_DDR               0x005007    0x1  Data  Gb  SysInit.o [1]
_A_PB_ODR               0x005005    0x1  Data  Gb  SysInit.o [1]
_A_PC_CR1               0x00500d    0x1  Data  Gb  SysInit.o [1]
_A_PC_CR2               0x00500e    0x1  Data  Gb  SysInit.o [1]
_A_PC_DDR               0x00500c    0x1  Data  Gb  SysInit.o [1]
_A_PC_IDR               0x00500b    0x1  Data  Gb  SysInit.o [1]
_A_PC_ODR               0x00500a    0x1  Data  Gb  SysInit.o [1]
_A_PD_CR1               0x005012    0x1  Data  Gb  SysInit.o [1]
_A_PD_CR2               0x005013    0x1  Data  Gb  SysInit.o [1]
_A_PD_DDR               0x005011    0x1  Data  Gb  SysInit.o [1]
_A_PD_IDR               0x005010    0x1  Data  Gb  stm8s_interruput.o [1]
_A_PD_ODR               0x00500f    0x1  Data  Gb  SysInit.o [1]
_A_PE_CR1               0x005017    0x1  Data  Gb  SysInit.o [1]
_A_PE_CR2               0x005018    0x1  Data  Gb  SysInit.o [1]
_A_PE_DDR               0x005016    0x1  Data  Gb  SysInit.o [1]
_A_PE_ODR               0x005014    0x1  Data  Gb  SysInit.o [1]
_A_PF_CR1               0x00501c    0x1  Data  Gb  SysInit.o [1]
_A_PF_CR2               0x00501d    0x1  Data  Gb  SysInit.o [1]
_A_PF_DDR               0x00501b    0x1  Data  Gb  SysInit.o [1]
_A_PF_IDR               0x00501a    0x1  Data  Gb  main.o [1]
_A_PF_ODR               0x005019    0x1  Data  Gb  SysInit.o [1]
_A_SPI_CR1              0x005200    0x1  Data  Gb  SysInit.o [1]
_A_SPI_CR2              0x005201    0x1  Data  Gb  SysInit.o [1]
_A_SPI_SR               0x005203    0x1  Data  Gb  Nrf24l01.o [1]
_A_TIM4_CR1             0x005340    0x1  Data  Gb  SysInit.o [1]
_A_TIM4_EGR             0x005343    0x1  Data  Gb  SysInit.o [1]
_A_TIM4_IER             0x005341    0x1  Data  Gb  SysInit.o [1]
_A_TIM4_PSCR            0x005345    0x1  Data  Gb  SysInit.o [1]
_A_TIM4_SR              0x005342    0x1  Data  Gb  stm8s_interruput.o [1]
_A_UART2_CR1            0x005244    0x1  Data  Gb  uart.o [1]
_A_UART2_CR2            0x005245    0x1  Data  Gb  uart.o [1]
_A_UART2_CR3            0x005246    0x1  Data  Gb  uart.o [1]
_A_UART2_SR             0x005240    0x1  Data  Gb  uart.o [1]
_PrintfTiny             0x008d44  0x197  Code  Gb  xprintftiny.o [4]
_Prout                  0x00a382   0x1b  Code  Gb  xprout.o [4]
__DebugBreak            0x00a5fd    0x1  Code  Gb  __dbg_break.o [3]
__exit                  0x00a488   0x14  Code  Gb  __dbg_xxexit.o [3]
__iar_copy_init2        0x00a094         Code  Gb  init_small.o [4]
__iar_data_init2        0x00a446   0x17  Code  Gb  init.o [4]
__iar_program_start     0x00a4af         Code  Gb  cstartup.o [4]
__iar_unhandled_exception
                        0x00a5e2         Code  Gb  unhandled_exception.o [4]
__iar_zero_init2        0x00a364         Code  Gb  init_small.o [4]
__intvec                0x008000         Data  Gb  interrupt.o [4]
__low_level_init        0x00a5dc    0x3  Code  Gb  low_level_init.o [4]
_delay_us               0x00a293   0x22  Code  Gb  SysInit.o [1]
_exit                   0x00a5d4         Code  Gb  cexit.o [4]
_interrupt_1            0x00a5e9         Code  Gb  stm8s_interruput.o [1]
_interrupt_12           0x00a5c5         Code  Gb  stm8s_interruput.o [1]
_interrupt_13           0x00a5f0         Code  Gb  stm8s_interruput.o [1]
_interrupt_14           0x00a5f1         Code  Gb  stm8s_interruput.o [1]
_interrupt_15           0x00a5f2         Code  Gb  stm8s_interruput.o [1]
_interrupt_16           0x00a5f3         Code  Gb  stm8s_interruput.o [1]
_interrupt_17           0x00a5f4         Code  Gb  stm8s_interruput.o [1]
_interrupt_18           0x00a5f5         Code  Gb  stm8s_interruput.o [1]
_interrupt_19           0x00a5f6         Code  Gb  stm8s_interruput.o [1]
_interrupt_2            0x00a5ea         Code  Gb  stm8s_interruput.o [1]
_interrupt_20           0x00a5f7         Code  Gb  stm8s_interruput.o [1]
_interrupt_21           0x00a5f8         Code  Gb  stm8s_interruput.o [1]
_interrupt_22           0x00a5f9         Code  Gb  stm8s_interruput.o [1]
_interrupt_23           0x00a5fa         Code  Gb  stm8s_interruput.o [1]
_interrupt_24           0x00a5fb         Code  Gb  stm8s_interruput.o [1]
_interrupt_25           0x009a2b         Code  Gb  stm8s_interruput.o [1]
_interrupt_26           0x00a5fc         Code  Gb  stm8s_interruput.o [1]
_interrupt_3            0x00a5eb         Code  Gb  stm8s_interruput.o [1]
_interrupt_4            0x00a5ec         Code  Gb  stm8s_interruput.o [1]
_interrupt_5            0x00a5ed         Code  Gb  stm8s_interruput.o [1]
_interrupt_6            0x00a5ee         Code  Gb  stm8s_interruput.o [1]
_interrupt_7            0x00998b         Code  Gb  stm8s_interruput.o [1]
_interrupt_8            0x00944c         Code  Gb  stm8s_interruput.o [1]
_interrupt_9            0x00a5ef         Code  Gb  stm8s_interruput.o [1]
add_master_add          0x0001a6    0x2  Data  Gb  main.o [1]
chargeComplete          0x00a535    0xd  Code  Gb  GL_charge_process.o [1]
crc_cal_value           0x0086d3   0x4a  Code  Gb  Nrf24l01.o [1]
crc_check_value         0x00a271   0x22  Code  Gb  Eeprom.o [1]
crc_sum_value           0x00a06c   0x28  Code  Gb  Eeprom.o [1]
deQueue                 0x009d04   0x50  Code  Gb  QueueMsg.o [1]
devStatus               0x000146    0xe  Data  Gb  main.o [1]
enQueue                 0x009d54   0x4f  Code  Gb  QueueMsg.o [1]
errmsg                  0x00002f   0x16  Data  Gb  SysInit.o [1]
errno                   0x000204    0x1  Data  Gb  SysInit.o [1]
exit                    0x00a5df    0x3  Code  Gb  exit.o [4]
globetimer              0x00019e    0x4  Data  Gb  main.o [1]
isEmpty                 0x00a45d   0x16  Code  Gb  QueueMsg.o [1]
isFull                  0x00a2c7   0x20  Code  Gb  QueueMsg.o [1]
main                    0x008080  0x4b6  Code  Gb  main.o [1]
master_cpd              0x000188    0x6  Data  Gb  main.o [1]
memset                  0x00a42f   0x17  Code  Gb  memset.o [4]
msg                     0x000174    0x8  Data  Lc  stm8s_interruput.o [1]
myStatus                0x0001ce    0x1  Data  Gb  main.o [1]
nrfRxLength             0x008972   0x15  Code  Gb  Nrf24l01.o [1]
nrfWriteAck             0x008944   0x2e  Code  Gb  Nrf24l01.o [1]
out                     0x009fe9   0x2e  Code  Lc  xprintftiny.o [4]
over_input_vol          0x0001e3    0x1  Data  Gb  main.o [1]
printf                  0x00a2e7   0x20  Code  Gb  printf.o [4]
putchar                 0x00a356    0xe  Code  Gb  uart.o [1]
queSEND                 0x0000eb   0x1c  Data  Gb  QueueMsg.o [1]
self_cpd                0x000182    0x6  Data  Gb  main.o [1]
self_cpd_send           0x00018e    0x6  Data  Gb  main.o [1]
strlen                  0x00a4c2   0x12  Code  Gb  strlen.o [4]
strncmp                 0x009eaf   0x39  Code  Gb  strncmp.o [4]
strncpy                 0x009fbb   0x2e  Code  Gb  strncpy.o [4]


[1] = E:\2017年工作内容\February\ZCH+TB\ZCS-ROBOT(BD)_V1.9(S).8(R)\ZCS-ROBOT(BD)-RECV_V1.8\STM8_RECV_V1.7(38-81)\Project\Debug\Obj
[2] = command line
[3] = dbgstm8smd.a
[4] = dlstm8smn.a

  8 529 bytes of readonly  code memory
  1 197 bytes of readonly  data memory
  1 543 bytes of readwrite data memory (+ 59 absolute)

Errors: none
Warnings: none
